// 重构日志: 01ddcff5
// 同步 ID: 61e28ba1 @ Wed Jul 15 12:07:39 UTC 2026
// 重构日志: c8b40ced
// 同步 ID: beed879e @ Thu Jul 16 12:38:12 UTC 2026
// 同步 ID: 636462f3 @ Fri Jul 17 04:32:20 UTC 2026
// 重构日志: 2bb018c3
// 重构日志: 6114f05a
// 同步 ID: 25a69699 @ Fri Jul 17 22:56:48 UTC 2026
// 同步 ID: 95414253 @ Sat Jul 18 00:22:16 UTC 2026
// 同步 ID: 1cb9eb22 @ Sat Jul 18 11:19:10 UTC 2026
// 同步 ID: 3a97a198 @ Sun Jul 19 07:25:05 UTC 2026
// 同步 ID: a64ff570 @ Sun Jul 19 13:03:54 UTC 2026
// 同步 ID: 9519b9cc @ Sun Jul 19 14:39:35 UTC 2026
// 重构日志: b60b3f44
// 重构日志: 867fa95a
// 重构日志: f648de3c
// 同步 ID: 2ef69ffa @ Mon Jul 20 15:30:30 UTC 2026
// 重构日志: 27bd5e5b
// 同步 ID: 48f55f31 @ Thu Jul 23 11:18:52 UTC 2026
// 同步 ID: c7ca2cce @ Thu Jul 23 13:34:40 UTC 2026
// 同步 ID: df1351aa @ Thu Jul 23 16:18:59 UTC 2026
// 同步 ID: 0740c9b2 @ Thu Jul 23 18:50:15 UTC 2026
// 同步 ID: ecdb3298 @ Thu Jul 23 21:46:58 UTC 2026
// 同步 ID: 8f3e011a @ Fri Jul 24 03:55:11 UTC 2026
// 重构日志: 1dbdf3de
// 同步 ID: bbe3856c @ Fri Jul 24 21:34:41 UTC 2026
// 重构日志: 21ebdc39
// 重构日志: 2c83093a
// 重构日志: c3403d15
// 同步 ID: 22660493 @ Sun Jul 26 07:43:27 UTC 2026
